<html>
<body>
<pre>
<h1>礦ision Build Log</h1>
<h2>Tool Versions:</h2>
IDE-Version: μVision V5.20.0.0
Copyright (C) 2016 ARM Ltd and ARM Germany GmbH. All rights reserved.
License Information: 王 志益, tsc, LIC=----
 
Tool Versions:
Toolchain:       MDK-Lite  Version: 5.20
Toolchain Path:  F:\keil\ARM\ARMCC\Bin
C Compiler:      Armcc.exe V5.06 update 2 (build 183)
Assembler:       Armasm.exe V5.06 update 2 (build 183)
Linker/Locator:  ArmLink.exe V5.06 update 2 (build 183)
Library Manager: ArmAr.exe V5.06 update 2 (build 183)
Hex Converter:   FromElf.exe V5.06 update 2 (build 183)
CPU DLL:         SARMCM3.DLL V5.20
Dialog DLL:      DCM.DLL V1.13.7.0
Target DLL:      STLink\ST-LINKIII-KEIL_SWO.dll V2.0.18.0
Dialog DLL:      TCM.DLL V1.14.9.0
 
<h2>Project:</h2>
H:\北京IOT-ES\北京线下硬件授课笔记\2021-3-8_UEA\code\14dht\project\test.uvprojx
Project File Date:  03/18/2021

<h2>Output:</h2>
*** Using Compiler 'V5.06 update 2 (build 183)', folder: 'F:\keil\ARM\ARMCC\Bin'
Rebuild target 'Target'
assembling startup_stm32f10x_md.s...
compiling core_cm3.c...
compiling stm32f10x_iwdg.c...
compiling stm32f10x_exti.c...
compiling stm32f10x_gpio.c...
compiling misc.c...
compiling stm32f10x_rcc.c...
compiling stm32f10x_usart.c...
compiling led.c...
compiling buzzer.c...
compiling button.c...
compiling eint.c...
compiling delay.c...
compiling usart1.c...
compiling iwdg.c...
compiling dht.c...
compiling main.c...
..\user\main.c(67): warning:  #177-D: variable "ret" was declared but never referenced
  	u8 ret = 0;//ret??量????来?????莸?
..\user\main.c(68): warning:  #177-D: variable "d" was declared but never referenced
  	struct data d = {9527, 23.45, 34.56, "uplooking"};
..\user\main.c(69): warning:  #177-D: variable "str" was declared but never referenced
  	char str[64] = {0};//str??来?娣沤峁????莸??址?
..\user\main.c: 3 warnings, 0 errors
compiling stm32f10x_it.c...
compiling system_stm32f10x.c...
linking...
Program Size: Code=4508 RO-data=308 RW-data=52 ZI-data=1636  
".\Objects\test.axf" - 0 Error(s), 3 Warning(s).

<h2>Collection of Component include folders:</h2>
  H:\北京IOT-ES\北京线下硬件授课笔记\2021-3-8_UEA\code\14dht\project\RTE
  F:\keil\ARM\PACK\Keil\STM32F1xx_DFP\1.1.0\Device\Include

<h2>Collection of Component Files used:</h2>
Build Time Elapsed:  00:00:03
</pre>
</body>
</html>
