<html>
<body>
<pre>
<h1>礦ision Build Log</h1>
<h2>Tool Versions:</h2>
IDE-Version: μVision V5.31.0.0
Copyright (C) 2020 ARM Ltd and ARM Germany GmbH. All rights reserved.
License Information: weir ZaCk, easthome, LIC=----
 
Tool Versions:
Toolchain:       MDK-Lite  Version: 5.31.0.0
Toolchain Path:  F:\keil\ARM\ARMCC\Bin
C Compiler:      Armcc.exe V5.06 update 6 (build 750)
Assembler:       Armasm.exe V5.06 update 6 (build 750)
Linker/Locator:  ArmLink.exe V5.06 update 6 (build 750)
Library Manager: ArmAr.exe V5.06 update 6 (build 750)
Hex Converter:   FromElf.exe V5.06 update 6 (build 750)
CPU DLL:         SARMCM3.DLL V5.31.0.0
Dialog DLL:      DCM.DLL V1.17.3.0
Target DLL:      STLink\ST-LINKIII-KEIL_SWO.dll V3.0.7.0
Dialog DLL:      TCM.DLL V1.46.0.0
 
<h2>Project:</h2>
C:\Users\Administrator\Desktop\2021-3-8_UEA\code\15ldt\project\test.uvprojx
Project File Date:  03/19/2021

<h2>Output:</h2>
*** Using Compiler 'V5.06 update 6 (build 750)', folder: 'F:\keil\ARM\ARMCC\Bin'
Rebuild target 'Target'
assembling startup_stm32f10x_md.s...
compiling stm32f10x_gpio.c...
compiling core_cm3.c...
compiling stm32f10x_iwdg.c...
compiling stm32f10x_usart.c...
compiling stm32f10x_rcc.c...
compiling misc.c...
compiling stm32f10x_exti.c...
compiling buzzer.c...
compiling iwdg.c...
compiling eint.c...
compiling button.c...
compiling usart1.c...
compiling delay.c...
compiling led.c...
compiling stm32f10x_it.c...
compiling dht.c...
compiling ldt.c...
compiling main.c...
..\user\main.c(68): warning:  #177-D: variable "ret"  was declared but never referenced
  	u8 ret = 0;//ret变量是用来接收数据的
..\user\main.c(69): warning:  #177-D: variable "d"  was declared but never referenced
  	struct data d = {9527, 23.45, 34.56, "uplooking"};
..\user\main.c(70): warning:  #177-D: variable "str"  was declared but never referenced
  	char str[64] = {0};//str用来存放结构体数据的字符串
..\user\main.c: 3 warnings, 0 errors
compiling system_stm32f10x.c...
linking...
Program Size: Code=5124 RO-data=308 RW-data=52 ZI-data=1636  
".\Objects\test.axf" - 0 Error(s), 3 Warning(s).

<h2>Software Packages used:</h2>

Package Vendor: Keil
                http://www.keil.com/pack/Keil.STM32F1xx_DFP.2.3.0.pack
                Keil.STM32F1xx_DFP.2.3.0
                STMicroelectronics STM32F1 Series Device Support, Drivers and Examples

<h2>Collection of Component include folders:</h2>
  F:\keil\pack\Keil\STM32F1xx_DFP\2.3.0\Device\Include

<h2>Collection of Component Files used:</h2>
Build Time Elapsed:  00:00:05
</pre>
</body>
</html>
